
> jogosunisanta@0.0.0 build
> tsc -b && vite build

src/App.tsx(1,1): error TS6133: 'React' is declared but its value is never read.
src/components/Admin/AdminDashboard.tsx(9,5): error TS6133: 'CheckCircle' is declared but its value is never read.
src/components/Admin/AdminDashboard.tsx(13,28): error TS6133: 'Team' is declared but its value is never read.
